> Task :airgap:copyCxxShared UP-TO-DATE
> Task :airgap:preBuild UP-TO-DATE
> Task :airgap:preDebugBuild UP-TO-DATE
> Task :airgap:checkDebugAarMetadata UP-TO-DATE
> Task :airgap:configureCMakeDebug[arm64-v8a]
> Task :airgap:buildCMakeDebug[arm64-v8a]
> Task :airgap:configureCMakeDebug[armeabi-v7a]
> Task :airgap:buildCMakeDebug[armeabi-v7a]
> Task :airgap:configureCMakeDebug[x86_64]
> Task :airgap:buildCMakeDebug[x86_64]
> Task :airgap:mergeDebugJniLibFolders UP-TO-DATE
> Task :airgap:mergeDebugNativeLibs UP-TO-DATE
> Task :airgap:stripDebugDebugSymbols UP-TO-DATE
> Task :airgap:copyDebugJniLibsProjectAndLocalJars UP-TO-DATE
> Task :airgap:checkKotlinGradlePluginConfigurationErrors SKIPPED
> Task :airgap:generateDebugResValues UP-TO-DATE
> Task :airgap:generateDebugResources UP-TO-DATE
> Task :airgap:packageDebugResources UP-TO-DATE
> Task :airgap:processDebugNavigationResources UP-TO-DATE
> Task :airgap:parseDebugLocalResources UP-TO-DATE
> Task :airgap:generateDebugRFile UP-TO-DATE
> Task :airgap:compileDebugKotlin UP-TO-DATE
> Task :airgap:extractDebugAnnotations UP-TO-DATE
> Task :airgap:extractDeepLinksForAarDebug UP-TO-DATE
> Task :airgap:mergeDebugShaders UP-TO-DATE
> Task :airgap:compileDebugShaders NO-SOURCE
> Task :airgap:generateDebugAssets UP-TO-DATE
> Task :airgap:mergeDebugAssets UP-TO-DATE
> Task :airgap:javaPreCompileDebug UP-TO-DATE
> Task :airgap:compileDebugJavaWithJavac NO-SOURCE
> Task :airgap:mergeDebugGeneratedProguardFiles UP-TO-DATE
> Task :airgap:mergeDebugConsumerProguardFiles UP-TO-DATE
> Task :airgap:prepareDebugArtProfile UP-TO-DATE
> Task :airgap:prepareLintJarForPublish UP-TO-DATE
> Task :airgap:processDebugManifest UP-TO-DATE
> Task :airgap:processDebugJavaRes UP-TO-DATE
> Task :airgap:mergeDebugJavaResource UP-TO-DATE
> Task :airgap:syncDebugLibJars UP-TO-DATE
> Task :airgap:writeDebugAarMetadata UP-TO-DATE
> Task :airgap:bundleDebugAar UP-TO-DATE
> Task :airgap:assembleDebug UP-TO-DATE
> Task :app:preBuild UP-TO-DATE
> Task :app:preDebugBuild UP-TO-DATE
> Task :app:mergeDebugNativeDebugMetadata NO-SOURCE
> Task :airgap:bundleLibCompileToJarDebug UP-TO-DATE
> Task :app:checkKotlinGradlePluginConfigurationErrors SKIPPED
> Task :airgap:compileDebugLibraryResources UP-TO-DATE
> Task :app:checkDebugAarMetadata UP-TO-DATE
> Task :app:processDebugNavigationResources UP-TO-DATE
> Task :app:compileDebugNavigationResources UP-TO-DATE
> Task :app:generateDebugResValues UP-TO-DATE
> Task :app:mapDebugSourceSetPaths UP-TO-DATE
> Task :app:generateDebugResources UP-TO-DATE
> Task :app:mergeDebugResources UP-TO-DATE
> Task :app:packageDebugResources UP-TO-DATE
> Task :app:parseDebugLocalResources UP-TO-DATE
> Task :app:createDebugCompatibleScreenManifests UP-TO-DATE
> Task :airgap:extractDeepLinksDebug UP-TO-DATE
> Task :app:extractDeepLinksDebug UP-TO-DATE
> Task :app:processDebugMainManifest UP-TO-DATE
> Task :app:processDebugManifest UP-TO-DATE
> Task :app:processDebugManifestForPackage UP-TO-DATE
> Task :app:processDebugResources UP-TO-DATE
> Task :app:javaPreCompileDebug UP-TO-DATE
> Task :app:mergeDebugShaders UP-TO-DATE
> Task :app:compileDebugShaders NO-SOURCE
> Task :app:generateDebugAssets UP-TO-DATE
> Task :app:mergeDebugAssets UP-TO-DATE
> Task :app:compressDebugAssets UP-TO-DATE
> Task :app:checkDebugDuplicateClasses UP-TO-DATE
> Task :app:desugarDebugFileDependencies UP-TO-DATE
> Task :app:mergeExtDexDebug UP-TO-DATE
> Task :airgap:bundleLibRuntimeToDirDebug UP-TO-DATE
> Task :app:mergeLibDexDebug UP-TO-DATE
> Task :airgap:copyDebugJniLibsProjectOnly UP-TO-DATE
> Task :app:mergeDebugJniLibFolders UP-TO-DATE
> Task :app:mergeDebugNativeLibs UP-TO-DATE
> Task :app:stripDebugDebugSymbols UP-TO-DATE
> Task :app:validateSigningDebug UP-TO-DATE
> Task :app:writeDebugAppMetadata UP-TO-DATE
> Task :app:writeDebugSigningConfigVersions UP-TO-DATE

> Task :app:compileDebugKotlin FAILED
.\gradlew.bat : e: file:///C:/Users/Administrator/AndroidStudioProjects/FileTran/app/src/main/java/com/yuliwen/filetran
/UdpMeshNetManager.kt:5:16 Conflicting import: imported name 'DatagramSocket' is ambiguous.
所在位置 C:\Users\Administrator\AppData\Local\Temp\ps-script-e44c69f4-32f0-44f3-b21a-f0bc072efaf8.ps1:84 字符: 61
+ ... oidStudioProjects\FileTran"; .\gradlew.bat assembleDebug 2>&1 | Tee-O ...
+                                  ~~~~~~~~~~~~~~~~~~~~~~~~~~~~~~~~
    + CategoryInfo          : NotSpecified: (e: file:///C:/U...' is ambiguous.:String) [], RemoteException
    + FullyQualifiedErrorId : NativeCommandError
 
e: file:///C:/Users/Administrator/AndroidStudioProjects/FileTran/app/src/main/java/com/yuliwen/filetran/UdpMeshNetManag
er.kt:7:16 Conflicting import: imported name 'DatagramSocket' is ambiguous.

69 actionable tasks: 7 executed, 62 up-to-date
FAILURE: Build failed with an exception.

* What went wrong:
Execution failed for task ':app:compileDebugKotlin'.
> A failure occurred while executing org.jetbrains.kotlin.compilerRunner.GradleCompilerRunnerWithWorkers$GradleKotlinCo
mpilerWorkAction
   > Compilation error. See log for more details

* Try:
> Run with --stacktrace option to get the stack trace.
> Run with --info or --debug option to get more log output.
> Run with --scan to get full insights.
> Get more help at https://help.gradle.org.

BUILD FAILED in 7s
