Starting a Gradle Daemon, 1 incompatible and 1 stopped Daemons could not be reused, use --status for details

> Task :airgap:externalNativeBuildCleanDebug
Clean extractor-armeabi-v7a, zstd-compress-armeabi-v7a, zstd-armeabi-v7a, zstd-decompress-armeabi-v7a, airgap_decoder-armeabi-v7a, correct-reed-solomon-armeabi-v7a, cimb_translator-armeabi-v7a, correct-convolutional-armeabi-v7a, correct_static-armeabi-v7a, correct-h-armeabi-v7a, zstd-common-armeabi-v7a, cimbar_js-armeabi-v7a, wirehair-armeabi-v7a
Clean extractor-arm64-v8a, zstd-compress-arm64-v8a, zstd-arm64-v8a, zstd-decompress-arm64-v8a, airgap_decoder-arm64-v8a, correct-reed-solomon-arm64-v8a, cimb_translator-arm64-v8a, correct-convolutional-arm64-v8a, correct_static-arm64-v8a, correct-h-arm64-v8a, zstd-common-arm64-v8a, cimbar_js-arm64-v8a, wirehair-arm64-v8a
Clean extractor-x86_64, zstd-compress-x86_64, zstd-x86_64, zstd-decompress-x86_64, airgap_decoder-x86_64, correct-reed-solomon-x86_64, cimb_translator-x86_64, correct-convolutional-x86_64, correct_static-x86_64, correct-h-x86_64, zstd-common-x86_64, cimbar_js-x86_64, wirehair-x86_64

> Task :airgap:externalNativeBuildCleanRelease
Clean extractor-armeabi-v7a, zstd-compress-armeabi-v7a, zstd-armeabi-v7a, zstd-decompress-armeabi-v7a, airgap_decoder-armeabi-v7a, correct-reed-solomon-armeabi-v7a, cimb_translator-armeabi-v7a, correct-convolutional-armeabi-v7a, correct_static-armeabi-v7a, correct-h-armeabi-v7a, zstd-common-armeabi-v7a, cimbar_js-armeabi-v7a, wirehair-armeabi-v7a
Clean extractor-arm64-v8a, zstd-compress-arm64-v8a, zstd-arm64-v8a, zstd-decompress-arm64-v8a, airgap_decoder-arm64-v8a, correct-reed-solomon-arm64-v8a, cimb_translator-arm64-v8a, correct-convolutional-arm64-v8a, correct_static-arm64-v8a, correct-h-arm64-v8a, zstd-common-arm64-v8a, cimbar_js-arm64-v8a, wirehair-arm64-v8a
Clean extractor-x86_64, zstd-compress-x86_64, zstd-x86_64, zstd-decompress-x86_64, airgap_decoder-x86_64, correct-reed-solomon-x86_64, cimb_translator-x86_64, correct-convolutional-x86_64, correct_static-x86_64, correct-h-x86_64, zstd-common-x86_64, cimbar_js-x86_64, wirehair-x86_64

> Task :airgap:clean
> Task :app:clean
> Task :airgap:copyCxxShared
> Task :airgap:preBuild
> Task :airgap:preDebugBuild
> Task :airgap:checkDebugAarMetadata
> Task :airgap:configureCMakeDebug[arm64-v8a]

> Task :airgap:buildCMakeDebug[arm64-v8a]
C/C++: ninja: Entering directory `C:\Users\Administrator\AndroidStudioProjects\FileTran\airgap\.cxx\Debug\41y4g476\arm64-v8a'
C/C++: In file included from C:/Users/Administrator/AndroidStudioProjects/FileTran/airgap/src/main/cpp/cfc/libcimbar/src/lib/cimb_translator/CimbEncoder.cpp:2:
C/C++: In file included from C:/Users/Administrator/AndroidStudioProjects/FileTran/airgap/src/main/cpp/cfc/libcimbar/src/lib/cimb_translator/CimbEncoder.h:4:
C/C++: In file included from C:/Users/Administrator/AndroidStudioProjects/FileTran/airgap/third_party/OpenCV-android-sdk/sdk/native/jni/include/opencv2/opencv.hpp:52:
C/C++: In file included from C:/Users/Administrator/AndroidStudioProjects/FileTran/airgap/third_party/OpenCV-android-sdk/sdk/native/jni/include/opencv2/core.hpp:53:
C/C++: In file included from C:/Users/Administrator/AndroidStudioProjects/FileTran/airgap/third_party/OpenCV-android-sdk/sdk/native/jni/include/opencv2/core/base.hpp:58:
C/C++: In file included from C:/Users/Administrator/AndroidStudioProjects/FileTran/airgap/third_party/OpenCV-android-sdk/sdk/native/jni/include/opencv2/core/cvstd.hpp:56:
C/C++: In file included from C:/Users/Administrator/AppData/Local/Android/Sdk/ndk/27.0.12077973/toolchains/llvm/prebuilt/windows-x86_64/sysroot/usr/include/c++/v1/string:625:
C/C++: In file included from C:/Users/Administrator/AppData/Local/Android/Sdk/ndk/27.0.12077973/toolchains/llvm/prebuilt/windows-x86_64/sysroot/usr/include/c++/v1/string_view:213:
C/C++: C:/Users/Administrator/AppData/Local/Android/Sdk/ndk/27.0.12077973/toolchains/llvm/prebuilt/windows-x86_64/sysroot/usr/include/c++/v1/__fwd/string_view.h:22:41: warning: 'char_traits<fmt::detail::char8_type>' is deprecated: char_traits<T> for T not equal to char, wchar_t, char8_t, char16_t or char32_t is non-standard and is provided for a temporary period. It will be removed in LLVM 19, so please migrate off of it. [-Wdeprecated-declarations]
C/C++:    22 | template <class _CharT, class _Traits = char_traits<_CharT> >
C/C++:       |                                         ^
C/C++: C:/Users/Administrator/AndroidStudioProjects/FileTran/airgap/src/main/cpp/cfc/libcimbar/src/third_party_lib/fmt/core.h:344:26: note: in instantiation of default argument for 'basic_string_view<fmt::detail::char8_type>' required here
C/C++:   344 | template <typename Char> using std_string_view = std::basic_string_view<Char>;
C/C++:       |                          ^~~~~
C/C++: C:/Users/Administrator/AndroidStudioProjects/FileTran/airgap/src/main/cpp/cfc/libcimbar/src/third_party_lib/fmt/core.h:435:50: note: in instantiation of template type alias 'std_string_view' requested here
C/C++:   435 |                                       S, detail::std_string_view<Char>>::value)>
C/C++:       |                                                  ^
C/C++: C:/Users/Administrator/AndroidStudioProjects/FileTran/airgap/src/main/cpp/cfc/libcimbar/src/third_party_lib/fmt/format.h:778:57: note: in instantiation of template class 'fmt::basic_string_view<fmt::detail::char8_type>' requested here
C/C++:   778 | inline auto compute_width(basic_string_view<char8_type> s) -> size_t {
C/C++:       |                                                         ^
C/C++: C:/Users/Administrator/AppData/Local/Android/Sdk/ndk/27.0.12077973/toolchains/llvm/prebuilt/windows-x86_64/sysroot/usr/include/c++/v1/__string/char_traits.h:81:8: note: 'char_traits<fmt::detail::char8_type>' has been explicitly marked deprecated here
C/C++:    81 | struct _LIBCPP_DEPRECATED_(
C/C++:       |        ^
C/C++: C:/Users/Administrator/AppData/Local/Android/Sdk/ndk/27.0.12077973/toolchains/llvm/prebuilt/windows-x86_64/sysroot/usr/include/c++/v1/__config:916:53: note: expanded from macro '_LIBCPP_DEPRECATED_'
C/C++:   916 | #      define _LIBCPP_DEPRECATED_(m) __attribute__((__deprecated__(m)))
C/C++:       |                                                     ^
C/C++: 1 warning generated.
C/C++: In file included from C:/Users/Administrator/AndroidStudioProjects/FileTran/airgap/src/main/cpp/cfc/libcimbar/src/lib/cimb_translator/CimbDecoder.cpp:2:
C/C++: In file included from C:/Users/Administrator/AndroidStudioProjects/FileTran/airgap/src/main/cpp/cfc/libcimbar/src/lib/cimb_translator/CimbDecoder.h:6:
C/C++: In file included from C:/Users/Administrator/AndroidStudioProjects/FileTran/airgap/src/main/cpp/cfc/libcimbar/src/lib/chromatic_adaptation/color_correction.h:4:
C/C++: In file included from C:/Users/Administrator/AndroidStudioProjects/FileTran/airgap/third_party/OpenCV-android-sdk/sdk/native/jni/include/opencv2/opencv.hpp:52:
C/C++: In file included from C:/Users/Administrator/AndroidStudioProjects/FileTran/airgap/third_party/OpenCV-android-sdk/sdk/native/jni/include/opencv2/core.hpp:53:
C/C++: In file included from C:/Users/Administrator/AndroidStudioProjects/FileTran/airgap/third_party/OpenCV-android-sdk/sdk/native/jni/include/opencv2/core/base.hpp:58:
C/C++: In file included from C:/Users/Administrator/AndroidStudioProjects/FileTran/airgap/third_party/OpenCV-android-sdk/sdk/native/jni/include/opencv2/core/cvstd.hpp:56:
C/C++: In file included from C:/Users/Administrator/AppData/Local/Android/Sdk/ndk/27.0.12077973/toolchains/llvm/prebuilt/windows-x86_64/sysroot/usr/include/c++/v1/string:625:
C/C++: In file included from C:/Users/Administrator/AppData/Local/Android/Sdk/ndk/27.0.12077973/toolchains/llvm/prebuilt/windows-x86_64/sysroot/usr/include/c++/v1/string_view:213:
C/C++: C:/Users/Administrator/AppData/Local/Android/Sdk/ndk/27.0.12077973/toolchains/llvm/prebuilt/windows-x86_64/sysroot/usr/include/c++/v1/__fwd/string_view.h:22:41: warning: 'char_traits<fmt::detail::char8_type>' is deprecated: char_traits<T> for T not equal to char, wchar_t, char8_t, char16_t or char32_t is non-standard and is provided for a temporary period. It will be removed in LLVM 19, so please migrate off of it. [-Wdeprecated-declarations]
C/C++:    22 | template <class _CharT, class _Traits = char_traits<_CharT> >
C/C++:       |                                         ^
C/C++: C:/Users/Administrator/AndroidStudioProjects/FileTran/airgap/src/main/cpp/cfc/libcimbar/src/third_party_lib/fmt/core.h:344:26: note: in instantiation of default argument for 'basic_string_view<fmt::detail::char8_type>' required here
C/C++:   344 | template <typename Char> using std_string_view = std::basic_string_view<Char>;
C/C++:       |                          ^~~~~
C/C++: C:/Users/Administrator/AndroidStudioProjects/FileTran/airgap/src/main/cpp/cfc/libcimbar/src/third_party_lib/fmt/core.h:435:50: note: in instantiation of template type alias 'std_string_view' requested here
C/C++:   435 |                                       S, detail::std_string_view<Char>>::value)>
C/C++:       |                                                  ^
C/C++: C:/Users/Administrator/AndroidStudioProjects/FileTran/airgap/src/main/cpp/cfc/libcimbar/src/third_party_lib/fmt/format.h:778:57: note: in instantiation of template class 'fmt::basic_string_view<fmt::detail::char8_type>' requested here
C/C++:   778 | inline auto compute_width(basic_string_view<char8_type> s) -> size_t {
C/C++:       |                                                         ^
C/C++: C:/Users/Administrator/AppData/Local/Android/Sdk/ndk/27.0.12077973/toolchains/llvm/prebuilt/windows-x86_64/sysroot/usr/include/c++/v1/__string/char_traits.h:81:8: note: 'char_traits<fmt::detail::char8_type>' has been explicitly marked deprecated here
C/C++:    81 | struct _LIBCPP_DEPRECATED_(
C/C++:       |        ^
C/C++: C:/Users/Administrator/AppData/Local/Android/Sdk/ndk/27.0.12077973/toolchains/llvm/prebuilt/windows-x86_64/sysroot/usr/include/c++/v1/__config:916:53: note: expanded from macro '_LIBCPP_DEPRECATED_'
C/C++:   916 | #      define _LIBCPP_DEPRECATED_(m) __attribute__((__deprecated__(m)))
C/C++:       |                                                     ^
C/C++: 1 warning generated.
C/C++: In file included from C:/Users/Administrator/AndroidStudioProjects/FileTran/airgap/src/main/cpp/cfc/libcimbar/src/lib/cimb_translator/Common.cpp:2:
C/C++: In file included from C:/Users/Administrator/AndroidStudioProjects/FileTran/airgap/src/main/cpp/cfc/libcimbar/src/lib/cimb_translator/Common.h:4:
C/C++: In file included from C:/Users/Administrator/AndroidStudioProjects/FileTran/airgap/third_party/OpenCV-android-sdk/sdk/native/jni/include/opencv2/opencv.hpp:52:
C/C++: In file included from C:/Users/Administrator/AndroidStudioProjects/FileTran/airgap/third_party/OpenCV-android-sdk/sdk/native/jni/include/opencv2/core.hpp:53:
C/C++: In file included from C:/Users/Administrator/AndroidStudioProjects/FileTran/airgap/third_party/OpenCV-android-sdk/sdk/native/jni/include/opencv2/core/base.hpp:58:
C/C++: In file included from C:/Users/Administrator/AndroidStudioProjects/FileTran/airgap/third_party/OpenCV-android-sdk/sdk/native/jni/include/opencv2/core/cvstd.hpp:56:
C/C++: In file included from C:/Users/Administrator/AppData/Local/Android/Sdk/ndk/27.0.12077973/toolchains/llvm/prebuilt/windows-x86_64/sysroot/usr/include/c++/v1/string:625:
C/C++: In file included from C:/Users/Administrator/AppData/Local/Android/Sdk/ndk/27.0.12077973/toolchains/llvm/prebuilt/windows-x86_64/sysroot/usr/include/c++/v1/string_view:213:
C/C++: C:/Users/Administrator/AppData/Local/Android/Sdk/ndk/27.0.12077973/toolchains/llvm/prebuilt/windows-x86_64/sysroot/usr/include/c++/v1/__fwd/string_view.h:22:41: warning: 'char_traits<fmt::detail::char8_type>' is deprecated: char_traits<T> for T not equal to char, wchar_t, char8_t, char16_t or char32_t is non-standard and is provided for a temporary period. It will be removed in LLVM 19, so please migrate off of it. [-Wdeprecated-declarations]
C/C++:    22 | template <class _CharT, class _Traits = char_traits<_CharT> >
C/C++:       |                                         ^
C/C++: C:/Users/Administrator/AndroidStudioProjects/FileTran/airgap/src/main/cpp/cfc/libcimbar/src/third_party_lib/fmt/core.h:344:26: note: in instantiation of default argument for 'basic_string_view<fmt::detail::char8_type>' required here
C/C++:   344 | template <typename Char> using std_string_view = std::basic_string_view<Char>;
C/C++:       |                          ^~~~~
C/C++: C:/Users/Administrator/AndroidStudioProjects/FileTran/airgap/src/main/cpp/cfc/libcimbar/src/third_party_lib/fmt/core.h:435:50: note: in instantiation of template type alias 'std_string_view' requested here
C/C++:   435 |                                       S, detail::std_string_view<Char>>::value)>
C/C++:       |                                                  ^
C/C++: C:/Users/Administrator/AndroidStudioProjects/FileTran/airgap/src/main/cpp/cfc/libcimbar/src/third_party_lib/fmt/format.h:778:57: note: in instantiation of template class 'fmt::basic_string_view<fmt::detail::char8_type>' requested here
C/C++:   778 | inline auto compute_width(basic_string_view<char8_type> s) -> size_t {
C/C++:       |                                                         ^
C/C++: C:/Users/Administrator/AppData/Local/Android/Sdk/ndk/27.0.12077973/toolchains/llvm/prebuilt/windows-x86_64/sysroot/usr/include/c++/v1/__string/char_traits.h:81:8: note: 'char_traits<fmt::detail::char8_type>' has been explicitly marked deprecated here
C/C++:    81 | struct _LIBCPP_DEPRECATED_(
C/C++:       |        ^
C/C++: C:/Users/Administrator/AppData/Local/Android/Sdk/ndk/27.0.12077973/toolchains/llvm/prebuilt/windows-x86_64/sysroot/usr/include/c++/v1/__config:916:53: note: expanded from macro '_LIBCPP_DEPRECATED_'
C/C++:   916 | #      define _LIBCPP_DEPRECATED_(m) __attribute__((__deprecated__(m)))
C/C++:       |                                                     ^
C/C++: 1 warning generated.
C/C++: In file included from C:/Users/Administrator/AndroidStudioProjects/FileTran/airgap/src/main/cpp/cfc/libcimbar/src/lib/cimbar_js/cimbar_recv_js.cpp:5:
C/C++: In file included from C:/Users/Administrator/AndroidStudioProjects/FileTran/airgap/src/main/cpp/cfc/libcimbar/src/lib/compression/zstd_header_check.h:5:
C/C++: In file included from C:/Users/Administrator/AppData/Local/Android/Sdk/ndk/27.0.12077973/toolchains/llvm/prebuilt/windows-x86_64/sysroot/usr/include/c++/v1/string:625:
C/C++: In file included from C:/Users/Administrator/AppData/Local/Android/Sdk/ndk/27.0.12077973/toolchains/llvm/prebuilt/windows-x86_64/sysroot/usr/include/c++/v1/string_view:213:
C/C++: C:/Users/Administrator/AppData/Local/Android/Sdk/ndk/27.0.12077973/toolchains/llvm/prebuilt/windows-x86_64/sysroot/usr/include/c++/v1/__fwd/string_view.h:22:41: warning: 'char_traits<fmt::detail::char8_type>' is deprecated: char_traits<T> for T not equal to char, wchar_t, char8_t, char16_t or char32_t is non-standard and is provided for a temporary period. It will be removed in LLVM 19, so please migrate off of it. [-Wdeprecated-declarations]
C/C++:    22 | template <class _CharT, class _Traits = char_traits<_CharT> >
C/C++:       |                                         ^
C/C++: C:/Users/Administrator/AndroidStudioProjects/FileTran/airgap/src/main/cpp/cfc/libcimbar/src/third_party_lib/fmt/core.h:344:26: note: in instantiation of default argument for 'basic_string_view<fmt::detail::char8_type>' required here
C/C++:   344 | template <typename Char> using std_string_view = std::basic_string_view<Char>;
C/C++:       |                          ^~~~~
C/C++: C:/Users/Administrator/AndroidStudioProjects/FileTran/airgap/src/main/cpp/cfc/libcimbar/src/third_party_lib/fmt/core.h:435:50: note: in instantiation of template type alias 'std_string_view' requested here
C/C++:   435 |                                       S, detail::std_string_view<Char>>::value)>
C/C++:       |                                                  ^
C/C++: C:/Users/Administrator/AndroidStudioProjects/FileTran/airgap/src/main/cpp/cfc/libcimbar/src/third_party_lib/fmt/format.h:778:57: note: in instantiation of template class 'fmt::basic_string_view<fmt::detail::char8_type>' requested here
C/C++:   778 | inline auto compute_width(basic_string_view<char8_type> s) -> size_t {
C/C++:       |                                                         ^
C/C++: C:/Users/Administrator/AppData/Local/Android/Sdk/ndk/27.0.12077973/toolchains/llvm/prebuilt/windows-x86_64/sysroot/usr/include/c++/v1/__string/char_traits.h:81:8: note: 'char_traits<fmt::detail::char8_type>' has been explicitly marked deprecated here
C/C++:    81 | struct _LIBCPP_DEPRECATED_(
C/C++:       |        ^
C/C++: C:/Users/Administrator/AppData/Local/Android/Sdk/ndk/27.0.12077973/toolchains/llvm/prebuilt/windows-x86_64/sysroot/usr/include/c++/v1/__config:916:53: note: expanded from macro '_LIBCPP_DEPRECATED_'
C/C++:   916 | #      define _LIBCPP_DEPRECATED_(m) __attribute__((__deprecated__(m)))
C/C++:       |                                                     ^
C/C++: 1 warning generated.

> Task :airgap:configureCMakeDebug[armeabi-v7a]

> Task :airgap:buildCMakeDebug[armeabi-v7a]
C/C++: ninja: Entering directory `C:\Users\Administrator\AndroidStudioProjects\FileTran\airgap\.cxx\Debug\41y4g476\armeabi-v7a'
C/C++: In file included from C:/Users/Administrator/AndroidStudioProjects/FileTran/airgap/src/main/cpp/cfc/libcimbar/src/lib/cimb_translator/CimbEncoder.cpp:2:
C/C++: In file included from C:/Users/Administrator/AndroidStudioProjects/FileTran/airgap/src/main/cpp/cfc/libcimbar/src/lib/cimb_translator/CimbEncoder.h:4:
C/C++: In file included from C:/Users/Administrator/AndroidStudioProjects/FileTran/airgap/third_party/OpenCV-android-sdk/sdk/native/jni/include/opencv2/opencv.hpp:52:
C/C++: In file included from C:/Users/Administrator/AndroidStudioProjects/FileTran/airgap/third_party/OpenCV-android-sdk/sdk/native/jni/include/opencv2/core.hpp:53:
C/C++: In file included from C:/Users/Administrator/AndroidStudioProjects/FileTran/airgap/third_party/OpenCV-android-sdk/sdk/native/jni/include/opencv2/core/base.hpp:58:
C/C++: In file included from C:/Users/Administrator/AndroidStudioProjects/FileTran/airgap/third_party/OpenCV-android-sdk/sdk/native/jni/include/opencv2/core/cvstd.hpp:56:
C/C++: In file included from C:/Users/Administrator/AppData/Local/Android/Sdk/ndk/27.0.12077973/toolchains/llvm/prebuilt/windows-x86_64/sysroot/usr/include/c++/v1/string:625:
C/C++: In file included from C:/Users/Administrator/AppData/Local/Android/Sdk/ndk/27.0.12077973/toolchains/llvm/prebuilt/windows-x86_64/sysroot/usr/include/c++/v1/string_view:213:
C/C++: C:/Users/Administrator/AppData/Local/Android/Sdk/ndk/27.0.12077973/toolchains/llvm/prebuilt/windows-x86_64/sysroot/usr/include/c++/v1/__fwd/string_view.h:22:41: warning: 'char_traits<fmt::detail::char8_type>' is deprecated: char_traits<T> for T not equal to char, wchar_t, char8_t, char16_t or char32_t is non-standard and is provided for a temporary period. It will be removed in LLVM 19, so please migrate off of it. [-Wdeprecated-declarations]
C/C++:    22 | template <class _CharT, class _Traits = char_traits<_CharT> >
C/C++:       |                                         ^
C/C++: C:/Users/Administrator/AndroidStudioProjects/FileTran/airgap/src/main/cpp/cfc/libcimbar/src/third_party_lib/fmt/core.h:344:26: note: in instantiation of default argument for 'basic_string_view<fmt::detail::char8_type>' required here
C/C++:   344 | template <typename Char> using std_string_view = std::basic_string_view<Char>;
C/C++:       |                          ^~~~~
C/C++: C:/Users/Administrator/AndroidStudioProjects/FileTran/airgap/src/main/cpp/cfc/libcimbar/src/third_party_lib/fmt/core.h:435:50: note: in instantiation of template type alias 'std_string_view' requested here
C/C++:   435 |                                       S, detail::std_string_view<Char>>::value)>
C/C++:       |                                                  ^
C/C++: C:/Users/Administrator/AndroidStudioProjects/FileTran/airgap/src/main/cpp/cfc/libcimbar/src/third_party_lib/fmt/format.h:778:57: note: in instantiation of template class 'fmt::basic_string_view<fmt::detail::char8_type>' requested here
C/C++:   778 | inline auto compute_width(basic_string_view<char8_type> s) -> size_t {
C/C++:       |                                                         ^
C/C++: C:/Users/Administrator/AppData/Local/Android/Sdk/ndk/27.0.12077973/toolchains/llvm/prebuilt/windows-x86_64/sysroot/usr/include/c++/v1/__string/char_traits.h:81:8: note: 'char_traits<fmt::detail::char8_type>' has been explicitly marked deprecated here
C/C++:    81 | struct _LIBCPP_DEPRECATED_(
C/C++:       |        ^
C/C++: C:/Users/Administrator/AppData/Local/Android/Sdk/ndk/27.0.12077973/toolchains/llvm/prebuilt/windows-x86_64/sysroot/usr/include/c++/v1/__config:916:53: note: expanded from macro '_LIBCPP_DEPRECATED_'
C/C++:   916 | #      define _LIBCPP_DEPRECATED_(m) __attribute__((__deprecated__(m)))
C/C++:       |                                                     ^
C/C++: 1 warning generated.
C/C++: In file included from C:/Users/Administrator/AndroidStudioProjects/FileTran/airgap/src/main/cpp/cfc/libcimbar/src/lib/cimb_translator/CimbDecoder.cpp:2:
C/C++: In file included from C:/Users/Administrator/AndroidStudioProjects/FileTran/airgap/src/main/cpp/cfc/libcimbar/src/lib/cimb_translator/CimbDecoder.h:6:
C/C++: In file included from C:/Users/Administrator/AndroidStudioProjects/FileTran/airgap/src/main/cpp/cfc/libcimbar/src/lib/chromatic_adaptation/color_correction.h:4:
C/C++: In file included from C:/Users/Administrator/AndroidStudioProjects/FileTran/airgap/third_party/OpenCV-android-sdk/sdk/native/jni/include/opencv2/opencv.hpp:52:
C/C++: In file included from C:/Users/Administrator/AndroidStudioProjects/FileTran/airgap/third_party/OpenCV-android-sdk/sdk/native/jni/include/opencv2/core.hpp:53:
C/C++: In file included from C:/Users/Administrator/AndroidStudioProjects/FileTran/airgap/third_party/OpenCV-android-sdk/sdk/native/jni/include/opencv2/core/base.hpp:58:
C/C++: In file included from C:/Users/Administrator/AndroidStudioProjects/FileTran/airgap/third_party/OpenCV-android-sdk/sdk/native/jni/include/opencv2/core/cvstd.hpp:56:
C/C++: In file included from C:/Users/Administrator/AppData/Local/Android/Sdk/ndk/27.0.12077973/toolchains/llvm/prebuilt/windows-x86_64/sysroot/usr/include/c++/v1/string:625:
C/C++: In file included from C:/Users/Administrator/AppData/Local/Android/Sdk/ndk/27.0.12077973/toolchains/llvm/prebuilt/windows-x86_64/sysroot/usr/include/c++/v1/string_view:213:
C/C++: C:/Users/Administrator/AppData/Local/Android/Sdk/ndk/27.0.12077973/toolchains/llvm/prebuilt/windows-x86_64/sysroot/usr/include/c++/v1/__fwd/string_view.h:22:41: warning: 'char_traits<fmt::detail::char8_type>' is deprecated: char_traits<T> for T not equal to char, wchar_t, char8_t, char16_t or char32_t is non-standard and is provided for a temporary period. It will be removed in LLVM 19, so please migrate off of it. [-Wdeprecated-declarations]
C/C++:    22 | template <class _CharT, class _Traits = char_traits<_CharT> >
C/C++:       |                                         ^
C/C++: C:/Users/Administrator/AndroidStudioProjects/FileTran/airgap/src/main/cpp/cfc/libcimbar/src/third_party_lib/fmt/core.h:344:26: note: in instantiation of default argument for 'basic_string_view<fmt::detail::char8_type>' required here
C/C++:   344 | template <typename Char> using std_string_view = std::basic_string_view<Char>;
C/C++:       |                          ^~~~~
C/C++: C:/Users/Administrator/AndroidStudioProjects/FileTran/airgap/src/main/cpp/cfc/libcimbar/src/third_party_lib/fmt/core.h:435:50: note: in instantiation of template type alias 'std_string_view' requested here
C/C++:   435 |                                       S, detail::std_string_view<Char>>::value)>
C/C++:       |                                                  ^
C/C++: C:/Users/Administrator/AndroidStudioProjects/FileTran/airgap/src/main/cpp/cfc/libcimbar/src/third_party_lib/fmt/format.h:778:57: note: in instantiation of template class 'fmt::basic_string_view<fmt::detail::char8_type>' requested here
C/C++:   778 | inline auto compute_width(basic_string_view<char8_type> s) -> size_t {
C/C++:       |                                                         ^
C/C++: C:/Users/Administrator/AppData/Local/Android/Sdk/ndk/27.0.12077973/toolchains/llvm/prebuilt/windows-x86_64/sysroot/usr/include/c++/v1/__string/char_traits.h:81:8: note: 'char_traits<fmt::detail::char8_type>' has been explicitly marked deprecated here
C/C++:    81 | struct _LIBCPP_DEPRECATED_(
C/C++:       |        ^
C/C++: C:/Users/Administrator/AppData/Local/Android/Sdk/ndk/27.0.12077973/toolchains/llvm/prebuilt/windows-x86_64/sysroot/usr/include/c++/v1/__config:916:53: note: expanded from macro '_LIBCPP_DEPRECATED_'
C/C++:   916 | #      define _LIBCPP_DEPRECATED_(m) __attribute__((__deprecated__(m)))
C/C++:       |                                                     ^
C/C++: 1 warning generated.
C/C++: In file included from C:/Users/Administrator/AndroidStudioProjects/FileTran/airgap/src/main/cpp/cfc/libcimbar/src/lib/cimb_translator/Common.cpp:2:
C/C++: In file included from C:/Users/Administrator/AndroidStudioProjects/FileTran/airgap/src/main/cpp/cfc/libcimbar/src/lib/cimb_translator/Common.h:4:
C/C++: In file included from C:/Users/Administrator/AndroidStudioProjects/FileTran/airgap/third_party/OpenCV-android-sdk/sdk/native/jni/include/opencv2/opencv.hpp:52:
C/C++: In file included from C:/Users/Administrator/AndroidStudioProjects/FileTran/airgap/third_party/OpenCV-android-sdk/sdk/native/jni/include/opencv2/core.hpp:53:
C/C++: In file included from C:/Users/Administrator/AndroidStudioProjects/FileTran/airgap/third_party/OpenCV-android-sdk/sdk/native/jni/include/opencv2/core/base.hpp:58:
C/C++: In file included from C:/Users/Administrator/AndroidStudioProjects/FileTran/airgap/third_party/OpenCV-android-sdk/sdk/native/jni/include/opencv2/core/cvstd.hpp:56:
C/C++: In file included from C:/Users/Administrator/AppData/Local/Android/Sdk/ndk/27.0.12077973/toolchains/llvm/prebuilt/windows-x86_64/sysroot/usr/include/c++/v1/string:625:
C/C++: In file included from C:/Users/Administrator/AppData/Local/Android/Sdk/ndk/27.0.12077973/toolchains/llvm/prebuilt/windows-x86_64/sysroot/usr/include/c++/v1/string_view:213:
C/C++: C:/Users/Administrator/AppData/Local/Android/Sdk/ndk/27.0.12077973/toolchains/llvm/prebuilt/windows-x86_64/sysroot/usr/include/c++/v1/__fwd/string_view.h:22:41: warning: 'char_traits<fmt::detail::char8_type>' is deprecated: char_traits<T> for T not equal to char, wchar_t, char8_t, char16_t or char32_t is non-standard and is provided for a temporary period. It will be removed in LLVM 19, so please migrate off of it. [-Wdeprecated-declarations]
C/C++:    22 | template <class _CharT, class _Traits = char_traits<_CharT> >
C/C++:       |                                         ^
C/C++: C:/Users/Administrator/AndroidStudioProjects/FileTran/airgap/src/main/cpp/cfc/libcimbar/src/third_party_lib/fmt/core.h:344:26: note: in instantiation of default argument for 'basic_string_view<fmt::detail::char8_type>' required here
C/C++:   344 | template <typename Char> using std_string_view = std::basic_string_view<Char>;
C/C++:       |                          ^~~~~
C/C++: C:/Users/Administrator/AndroidStudioProjects/FileTran/airgap/src/main/cpp/cfc/libcimbar/src/third_party_lib/fmt/core.h:435:50: note: in instantiation of template type alias 'std_string_view' requested here
C/C++:   435 |                                       S, detail::std_string_view<Char>>::value)>
C/C++:       |                                                  ^
C/C++: C:/Users/Administrator/AndroidStudioProjects/FileTran/airgap/src/main/cpp/cfc/libcimbar/src/third_party_lib/fmt/format.h:778:57: note: in instantiation of template class 'fmt::basic_string_view<fmt::detail::char8_type>' requested here
C/C++:   778 | inline auto compute_width(basic_string_view<char8_type> s) -> size_t {
C/C++:       |                                                         ^
C/C++: C:/Users/Administrator/AppData/Local/Android/Sdk/ndk/27.0.12077973/toolchains/llvm/prebuilt/windows-x86_64/sysroot/usr/include/c++/v1/__string/char_traits.h:81:8: note: 'char_traits<fmt::detail::char8_type>' has been explicitly marked deprecated here
C/C++:    81 | struct _LIBCPP_DEPRECATED_(
C/C++:       |        ^
C/C++: C:/Users/Administrator/AppData/Local/Android/Sdk/ndk/27.0.12077973/toolchains/llvm/prebuilt/windows-x86_64/sysroot/usr/include/c++/v1/__config:916:53: note: expanded from macro '_LIBCPP_DEPRECATED_'
C/C++:   916 | #      define _LIBCPP_DEPRECATED_(m) __attribute__((__deprecated__(m)))
C/C++:       |                                                     ^
C/C++: 1 warning generated.
C/C++: In file included from C:/Users/Administrator/AndroidStudioProjects/FileTran/airgap/src/main/cpp/cfc/libcimbar/src/lib/cimbar_js/cimbar_recv_js.cpp:5:
C/C++: In file included from C:/Users/Administrator/AndroidStudioProjects/FileTran/airgap/src/main/cpp/cfc/libcimbar/src/lib/compression/zstd_header_check.h:5:
C/C++: In file included from C:/Users/Administrator/AppData/Local/Android/Sdk/ndk/27.0.12077973/toolchains/llvm/prebuilt/windows-x86_64/sysroot/usr/include/c++/v1/string:625:
C/C++: In file included from C:/Users/Administrator/AppData/Local/Android/Sdk/ndk/27.0.12077973/toolchains/llvm/prebuilt/windows-x86_64/sysroot/usr/include/c++/v1/string_view:213:
C/C++: C:/Users/Administrator/AppData/Local/Android/Sdk/ndk/27.0.12077973/toolchains/llvm/prebuilt/windows-x86_64/sysroot/usr/include/c++/v1/__fwd/string_view.h:22:41: warning: 'char_traits<fmt::detail::char8_type>' is deprecated: char_traits<T> for T not equal to char, wchar_t, char8_t, char16_t or char32_t is non-standard and is provided for a temporary period. It will be removed in LLVM 19, so please migrate off of it. [-Wdeprecated-declarations]
C/C++:    22 | template <class _CharT, class _Traits = char_traits<_CharT> >
C/C++:       |                                         ^
C/C++: C:/Users/Administrator/AndroidStudioProjects/FileTran/airgap/src/main/cpp/cfc/libcimbar/src/third_party_lib/fmt/core.h:344:26: note: in instantiation of default argument for 'basic_string_view<fmt::detail::char8_type>' required here
C/C++:   344 | template <typename Char> using std_string_view = std::basic_string_view<Char>;
C/C++:       |                          ^~~~~
C/C++: C:/Users/Administrator/AndroidStudioProjects/FileTran/airgap/src/main/cpp/cfc/libcimbar/src/third_party_lib/fmt/core.h:435:50: note: in instantiation of template type alias 'std_string_view' requested here
C/C++:   435 |                                       S, detail::std_string_view<Char>>::value)>
C/C++:       |                                                  ^
C/C++: C:/Users/Administrator/AndroidStudioProjects/FileTran/airgap/src/main/cpp/cfc/libcimbar/src/third_party_lib/fmt/format.h:778:57: note: in instantiation of template class 'fmt::basic_string_view<fmt::detail::char8_type>' requested here
C/C++:   778 | inline auto compute_width(basic_string_view<char8_type> s) -> size_t {
C/C++:       |                                                         ^
C/C++: C:/Users/Administrator/AppData/Local/Android/Sdk/ndk/27.0.12077973/toolchains/llvm/prebuilt/windows-x86_64/sysroot/usr/include/c++/v1/__string/char_traits.h:81:8: note: 'char_traits<fmt::detail::char8_type>' has been explicitly marked deprecated here
C/C++:    81 | struct _LIBCPP_DEPRECATED_(
C/C++:       |        ^
C/C++: C:/Users/Administrator/AppData/Local/Android/Sdk/ndk/27.0.12077973/toolchains/llvm/prebuilt/windows-x86_64/sysroot/usr/include/c++/v1/__config:916:53: note: expanded from macro '_LIBCPP_DEPRECATED_'
C/C++:   916 | #      define _LIBCPP_DEPRECATED_(m) __attribute__((__deprecated__(m)))
C/C++:       |                                                     ^
C/C++: 1 warning generated.

> Task :airgap:configureCMakeDebug[x86_64]

> Task :airgap:buildCMakeDebug[x86_64]
C/C++: ninja: Entering directory `C:\Users\Administrator\AndroidStudioProjects\FileTran\airgap\.cxx\Debug\41y4g476\x86_64'
C/C++: In file included from C:/Users/Administrator/AndroidStudioProjects/FileTran/airgap/src/main/cpp/cfc/libcimbar/src/lib/cimb_translator/CimbEncoder.cpp:2:
C/C++: In file included from C:/Users/Administrator/AndroidStudioProjects/FileTran/airgap/src/main/cpp/cfc/libcimbar/src/lib/cimb_translator/CimbEncoder.h:4:
C/C++: In file included from C:/Users/Administrator/AndroidStudioProjects/FileTran/airgap/third_party/OpenCV-android-sdk/sdk/native/jni/include/opencv2/opencv.hpp:52:
C/C++: In file included from C:/Users/Administrator/AndroidStudioProjects/FileTran/airgap/third_party/OpenCV-android-sdk/sdk/native/jni/include/opencv2/core.hpp:53:
C/C++: In file included from C:/Users/Administrator/AndroidStudioProjects/FileTran/airgap/third_party/OpenCV-android-sdk/sdk/native/jni/include/opencv2/core/base.hpp:58:
C/C++: In file included from C:/Users/Administrator/AndroidStudioProjects/FileTran/airgap/third_party/OpenCV-android-sdk/sdk/native/jni/include/opencv2/core/cvstd.hpp:56:
C/C++: In file included from C:/Users/Administrator/AppData/Local/Android/Sdk/ndk/27.0.12077973/toolchains/llvm/prebuilt/windows-x86_64/sysroot/usr/include/c++/v1/string:625:
C/C++: In file included from C:/Users/Administrator/AppData/Local/Android/Sdk/ndk/27.0.12077973/toolchains/llvm/prebuilt/windows-x86_64/sysroot/usr/include/c++/v1/string_view:213:
C/C++: C:/Users/Administrator/AppData/Local/Android/Sdk/ndk/27.0.12077973/toolchains/llvm/prebuilt/windows-x86_64/sysroot/usr/include/c++/v1/__fwd/string_view.h:22:41: warning: 'char_traits<fmt::detail::char8_type>' is deprecated: char_traits<T> for T not equal to char, wchar_t, char8_t, char16_t or char32_t is non-standard and is provided for a temporary period. It will be removed in LLVM 19, so please migrate off of it. [-Wdeprecated-declarations]
C/C++:    22 | template <class _CharT, class _Traits = char_traits<_CharT> >
C/C++:       |                                         ^
C/C++: C:/Users/Administrator/AndroidStudioProjects/FileTran/airgap/src/main/cpp/cfc/libcimbar/src/third_party_lib/fmt/core.h:344:26: note: in instantiation of default argument for 'basic_string_view<fmt::detail::char8_type>' required here
C/C++:   344 | template <typename Char> using std_string_view = std::basic_string_view<Char>;
C/C++:       |                          ^~~~~
C/C++: C:/Users/Administrator/AndroidStudioProjects/FileTran/airgap/src/main/cpp/cfc/libcimbar/src/third_party_lib/fmt/core.h:435:50: note: in instantiation of template type alias 'std_string_view' requested here
C/C++:   435 |                                       S, detail::std_string_view<Char>>::value)>
C/C++:       |                                                  ^
C/C++: C:/Users/Administrator/AndroidStudioProjects/FileTran/airgap/src/main/cpp/cfc/libcimbar/src/third_party_lib/fmt/format.h:778:57: note: in instantiation of template class 'fmt::basic_string_view<fmt::detail::char8_type>' requested here
C/C++:   778 | inline auto compute_width(basic_string_view<char8_type> s) -> size_t {
C/C++:       |                                                         ^
C/C++: C:/Users/Administrator/AppData/Local/Android/Sdk/ndk/27.0.12077973/toolchains/llvm/prebuilt/windows-x86_64/sysroot/usr/include/c++/v1/__string/char_traits.h:81:8: note: 'char_traits<fmt::detail::char8_type>' has been explicitly marked deprecated here
C/C++:    81 | struct _LIBCPP_DEPRECATED_(
C/C++:       |        ^
C/C++: C:/Users/Administrator/AppData/Local/Android/Sdk/ndk/27.0.12077973/toolchains/llvm/prebuilt/windows-x86_64/sysroot/usr/include/c++/v1/__config:916:53: note: expanded from macro '_LIBCPP_DEPRECATED_'
C/C++:   916 | #      define _LIBCPP_DEPRECATED_(m) __attribute__((__deprecated__(m)))
C/C++:       |                                                     ^
C/C++: 1 warning generated.
C/C++: In file included from C:/Users/Administrator/AndroidStudioProjects/FileTran/airgap/src/main/cpp/cfc/libcimbar/src/lib/cimb_translator/CimbDecoder.cpp:2:
C/C++: In file included from C:/Users/Administrator/AndroidStudioProjects/FileTran/airgap/src/main/cpp/cfc/libcimbar/src/lib/cimb_translator/CimbDecoder.h:6:
C/C++: In file included from C:/Users/Administrator/AndroidStudioProjects/FileTran/airgap/src/main/cpp/cfc/libcimbar/src/lib/chromatic_adaptation/color_correction.h:4:
C/C++: In file included from C:/Users/Administrator/AndroidStudioProjects/FileTran/airgap/third_party/OpenCV-android-sdk/sdk/native/jni/include/opencv2/opencv.hpp:52:
C/C++: In file included from C:/Users/Administrator/AndroidStudioProjects/FileTran/airgap/third_party/OpenCV-android-sdk/sdk/native/jni/include/opencv2/core.hpp:53:
C/C++: In file included from C:/Users/Administrator/AndroidStudioProjects/FileTran/airgap/third_party/OpenCV-android-sdk/sdk/native/jni/include/opencv2/core/base.hpp:58:
C/C++: In file included from C:/Users/Administrator/AndroidStudioProjects/FileTran/airgap/third_party/OpenCV-android-sdk/sdk/native/jni/include/opencv2/core/cvstd.hpp:56:
C/C++: In file included from C:/Users/Administrator/AppData/Local/Android/Sdk/ndk/27.0.12077973/toolchains/llvm/prebuilt/windows-x86_64/sysroot/usr/include/c++/v1/string:625:
C/C++: In file included from C:/Users/Administrator/AppData/Local/Android/Sdk/ndk/27.0.12077973/toolchains/llvm/prebuilt/windows-x86_64/sysroot/usr/include/c++/v1/string_view:213:
C/C++: C:/Users/Administrator/AppData/Local/Android/Sdk/ndk/27.0.12077973/toolchains/llvm/prebuilt/windows-x86_64/sysroot/usr/include/c++/v1/__fwd/string_view.h:22:41: warning: 'char_traits<fmt::detail::char8_type>' is deprecated: char_traits<T> for T not equal to char, wchar_t, char8_t, char16_t or char32_t is non-standard and is provided for a temporary period. It will be removed in LLVM 19, so please migrate off of it. [-Wdeprecated-declarations]
C/C++:    22 | template <class _CharT, class _Traits = char_traits<_CharT> >
C/C++:       |                                         ^
C/C++: C:/Users/Administrator/AndroidStudioProjects/FileTran/airgap/src/main/cpp/cfc/libcimbar/src/third_party_lib/fmt/core.h:344:26: note: in instantiation of default argument for 'basic_string_view<fmt::detail::char8_type>' required here
C/C++:   344 | template <typename Char> using std_string_view = std::basic_string_view<Char>;
C/C++:       |                          ^~~~~
C/C++: C:/Users/Administrator/AndroidStudioProjects/FileTran/airgap/src/main/cpp/cfc/libcimbar/src/third_party_lib/fmt/core.h:435:50: note: in instantiation of template type alias 'std_string_view' requested here
C/C++:   435 |                                       S, detail::std_string_view<Char>>::value)>
C/C++:       |                                                  ^
C/C++: C:/Users/Administrator/AndroidStudioProjects/FileTran/airgap/src/main/cpp/cfc/libcimbar/src/third_party_lib/fmt/format.h:778:57: note: in instantiation of template class 'fmt::basic_string_view<fmt::detail::char8_type>' requested here
C/C++:   778 | inline auto compute_width(basic_string_view<char8_type> s) -> size_t {
C/C++:       |                                                         ^
C/C++: C:/Users/Administrator/AppData/Local/Android/Sdk/ndk/27.0.12077973/toolchains/llvm/prebuilt/windows-x86_64/sysroot/usr/include/c++/v1/__string/char_traits.h:81:8: note: 'char_traits<fmt::detail::char8_type>' has been explicitly marked deprecated here
C/C++:    81 | struct _LIBCPP_DEPRECATED_(
C/C++:       |        ^
C/C++: C:/Users/Administrator/AppData/Local/Android/Sdk/ndk/27.0.12077973/toolchains/llvm/prebuilt/windows-x86_64/sysroot/usr/include/c++/v1/__config:916:53: note: expanded from macro '_LIBCPP_DEPRECATED_'
C/C++:   916 | #      define _LIBCPP_DEPRECATED_(m) __attribute__((__deprecated__(m)))
C/C++:       |                                                     ^
C/C++: 1 warning generated.
C/C++: In file included from C:/Users/Administrator/AndroidStudioProjects/FileTran/airgap/src/main/cpp/cfc/libcimbar/src/lib/cimb_translator/Common.cpp:2:
C/C++: In file included from C:/Users/Administrator/AndroidStudioProjects/FileTran/airgap/src/main/cpp/cfc/libcimbar/src/lib/cimb_translator/Common.h:4:
C/C++: In file included from C:/Users/Administrator/AndroidStudioProjects/FileTran/airgap/third_party/OpenCV-android-sdk/sdk/native/jni/include/opencv2/opencv.hpp:52:
C/C++: In file included from C:/Users/Administrator/AndroidStudioProjects/FileTran/airgap/third_party/OpenCV-android-sdk/sdk/native/jni/include/opencv2/core.hpp:53:
C/C++: In file included from C:/Users/Administrator/AndroidStudioProjects/FileTran/airgap/third_party/OpenCV-android-sdk/sdk/native/jni/include/opencv2/core/base.hpp:58:
C/C++: In file included from C:/Users/Administrator/AndroidStudioProjects/FileTran/airgap/third_party/OpenCV-android-sdk/sdk/native/jni/include/opencv2/core/cvstd.hpp:56:
C/C++: In file included from C:/Users/Administrator/AppData/Local/Android/Sdk/ndk/27.0.12077973/toolchains/llvm/prebuilt/windows-x86_64/sysroot/usr/include/c++/v1/string:625:
C/C++: In file included from C:/Users/Administrator/AppData/Local/Android/Sdk/ndk/27.0.12077973/toolchains/llvm/prebuilt/windows-x86_64/sysroot/usr/include/c++/v1/string_view:213:
C/C++: C:/Users/Administrator/AppData/Local/Android/Sdk/ndk/27.0.12077973/toolchains/llvm/prebuilt/windows-x86_64/sysroot/usr/include/c++/v1/__fwd/string_view.h:22:41: warning: 'char_traits<fmt::detail::char8_type>' is deprecated: char_traits<T> for T not equal to char, wchar_t, char8_t, char16_t or char32_t is non-standard and is provided for a temporary period. It will be removed in LLVM 19, so please migrate off of it. [-Wdeprecated-declarations]
C/C++:    22 | template <class _CharT, class _Traits = char_traits<_CharT> >
C/C++:       |                                         ^
C/C++: C:/Users/Administrator/AndroidStudioProjects/FileTran/airgap/src/main/cpp/cfc/libcimbar/src/third_party_lib/fmt/core.h:344:26: note: in instantiation of default argument for 'basic_string_view<fmt::detail::char8_type>' required here
C/C++:   344 | template <typename Char> using std_string_view = std::basic_string_view<Char>;
C/C++:       |                          ^~~~~
C/C++: C:/Users/Administrator/AndroidStudioProjects/FileTran/airgap/src/main/cpp/cfc/libcimbar/src/third_party_lib/fmt/core.h:435:50: note: in instantiation of template type alias 'std_string_view' requested here
C/C++:   435 |                                       S, detail::std_string_view<Char>>::value)>
C/C++:       |                                                  ^
C/C++: C:/Users/Administrator/AndroidStudioProjects/FileTran/airgap/src/main/cpp/cfc/libcimbar/src/third_party_lib/fmt/format.h:778:57: note: in instantiation of template class 'fmt::basic_string_view<fmt::detail::char8_type>' requested here
C/C++:   778 | inline auto compute_width(basic_string_view<char8_type> s) -> size_t {
C/C++:       |                                                         ^
C/C++: C:/Users/Administrator/AppData/Local/Android/Sdk/ndk/27.0.12077973/toolchains/llvm/prebuilt/windows-x86_64/sysroot/usr/include/c++/v1/__string/char_traits.h:81:8: note: 'char_traits<fmt::detail::char8_type>' has been explicitly marked deprecated here
C/C++:    81 | struct _LIBCPP_DEPRECATED_(
C/C++:       |        ^
C/C++: C:/Users/Administrator/AppData/Local/Android/Sdk/ndk/27.0.12077973/toolchains/llvm/prebuilt/windows-x86_64/sysroot/usr/include/c++/v1/__config:916:53: note: expanded from macro '_LIBCPP_DEPRECATED_'
C/C++:   916 | #      define _LIBCPP_DEPRECATED_(m) __attribute__((__deprecated__(m)))
C/C++:       |                                                     ^
C/C++: 1 warning generated.
C/C++: In file included from C:/Users/Administrator/AndroidStudioProjects/FileTran/airgap/src/main/cpp/cfc/libcimbar/src/lib/cimbar_js/cimbar_recv_js.cpp:5:
C/C++: In file included from C:/Users/Administrator/AndroidStudioProjects/FileTran/airgap/src/main/cpp/cfc/libcimbar/src/lib/compression/zstd_header_check.h:5:
C/C++: In file included from C:/Users/Administrator/AppData/Local/Android/Sdk/ndk/27.0.12077973/toolchains/llvm/prebuilt/windows-x86_64/sysroot/usr/include/c++/v1/string:625:
C/C++: In file included from C:/Users/Administrator/AppData/Local/Android/Sdk/ndk/27.0.12077973/toolchains/llvm/prebuilt/windows-x86_64/sysroot/usr/include/c++/v1/string_view:213:
C/C++: C:/Users/Administrator/AppData/Local/Android/Sdk/ndk/27.0.12077973/toolchains/llvm/prebuilt/windows-x86_64/sysroot/usr/include/c++/v1/__fwd/string_view.h:22:41: warning: 'char_traits<fmt::detail::char8_type>' is deprecated: char_traits<T> for T not equal to char, wchar_t, char8_t, char16_t or char32_t is non-standard and is provided for a temporary period. It will be removed in LLVM 19, so please migrate off of it. [-Wdeprecated-declarations]
C/C++:    22 | template <class _CharT, class _Traits = char_traits<_CharT> >
C/C++:       |                                         ^
C/C++: C:/Users/Administrator/AndroidStudioProjects/FileTran/airgap/src/main/cpp/cfc/libcimbar/src/third_party_lib/fmt/core.h:344:26: note: in instantiation of default argument for 'basic_string_view<fmt::detail::char8_type>' required here
C/C++:   344 | template <typename Char> using std_string_view = std::basic_string_view<Char>;
C/C++:       |                          ^~~~~
C/C++: C:/Users/Administrator/AndroidStudioProjects/FileTran/airgap/src/main/cpp/cfc/libcimbar/src/third_party_lib/fmt/core.h:435:50: note: in instantiation of template type alias 'std_string_view' requested here
C/C++:   435 |                                       S, detail::std_string_view<Char>>::value)>
C/C++:       |                                                  ^
C/C++: C:/Users/Administrator/AndroidStudioProjects/FileTran/airgap/src/main/cpp/cfc/libcimbar/src/third_party_lib/fmt/format.h:778:57: note: in instantiation of template class 'fmt::basic_string_view<fmt::detail::char8_type>' requested here
C/C++:   778 | inline auto compute_width(basic_string_view<char8_type> s) -> size_t {
C/C++:       |                                                         ^
C/C++: C:/Users/Administrator/AppData/Local/Android/Sdk/ndk/27.0.12077973/toolchains/llvm/prebuilt/windows-x86_64/sysroot/usr/include/c++/v1/__string/char_traits.h:81:8: note: 'char_traits<fmt::detail::char8_type>' has been explicitly marked deprecated here
C/C++:    81 | struct _LIBCPP_DEPRECATED_(
C/C++:       |        ^
C/C++: C:/Users/Administrator/AppData/Local/Android/Sdk/ndk/27.0.12077973/toolchains/llvm/prebuilt/windows-x86_64/sysroot/usr/include/c++/v1/__config:916:53: note: expanded from macro '_LIBCPP_DEPRECATED_'
C/C++:   916 | #      define _LIBCPP_DEPRECATED_(m) __attribute__((__deprecated__(m)))
C/C++:       |                                                     ^
C/C++: 1 warning generated.

> Task :airgap:mergeDebugJniLibFolders
> Task :airgap:checkKotlinGradlePluginConfigurationErrors SKIPPED
> Task :airgap:generateDebugResValues
> Task :airgap:generateDebugResources
> Task :airgap:packageDebugResources
> Task :airgap:processDebugNavigationResources
> Task :airgap:parseDebugLocalResources
> Task :airgap:generateDebugRFile
> Task :airgap:mergeDebugNativeLibs
> Task :airgap:stripDebugDebugSymbols
> Task :airgap:copyDebugJniLibsProjectAndLocalJars
> Task :airgap:extractDeepLinksForAarDebug UP-TO-DATE
> Task :airgap:mergeDebugShaders
> Task :airgap:compileDebugShaders NO-SOURCE
> Task :airgap:generateDebugAssets UP-TO-DATE
> Task :airgap:mergeDebugAssets
> Task :airgap:javaPreCompileDebug
> Task :airgap:prepareDebugArtProfile UP-TO-DATE
> Task :airgap:prepareLintJarForPublish UP-TO-DATE
> Task :airgap:processDebugManifest
> Task :airgap:writeDebugAarMetadata
> Task :app:preBuild UP-TO-DATE
> Task :app:preDebugBuild UP-TO-DATE
> Task :app:mergeDebugNativeDebugMetadata NO-SOURCE
> Task :app:checkKotlinGradlePluginConfigurationErrors SKIPPED
> Task :airgap:compileDebugLibraryResources
> Task :app:checkDebugAarMetadata
> Task :app:processDebugNavigationResources
> Task :app:compileDebugNavigationResources
> Task :app:generateDebugResValues
> Task :app:mapDebugSourceSetPaths
> Task :app:generateDebugResources
> Task :airgap:compileDebugKotlin
> Task :airgap:extractDebugAnnotations
> Task :airgap:compileDebugJavaWithJavac NO-SOURCE
> Task :airgap:mergeDebugGeneratedProguardFiles UP-TO-DATE
> Task :airgap:mergeDebugConsumerProguardFiles UP-TO-DATE
> Task :airgap:processDebugJavaRes
> Task :app:mergeDebugResources
> Task :airgap:mergeDebugJavaResource
> Task :airgap:syncDebugLibJars
> Task :airgap:bundleLibCompileToJarDebug
> Task :airgap:bundleDebugAar
> Task :airgap:assembleDebug
> Task :app:packageDebugResources
> Task :app:createDebugCompatibleScreenManifests
> Task :airgap:extractDeepLinksDebug
> Task :app:extractDeepLinksDebug
> Task :app:parseDebugLocalResources
> Task :app:processDebugMainManifest
> Task :app:processDebugManifest
> Task :app:javaPreCompileDebug
> Task :app:processDebugManifestForPackage
> Task :app:mergeDebugShaders
> Task :app:compileDebugShaders NO-SOURCE
> Task :app:generateDebugAssets UP-TO-DATE
> Task :app:mergeDebugAssets
> Task :app:compressDebugAssets
> Task :app:checkDebugDuplicateClasses
> Task :app:desugarDebugFileDependencies
> Task :app:processDebugResources
> Task :app:mergeExtDexDebug
> Task :airgap:bundleLibRuntimeToDirDebug
> Task :app:mergeLibDexDebug
> Task :airgap:copyDebugJniLibsProjectOnly
> Task :app:mergeDebugJniLibFolders
> Task :app:mergeDebugNativeLibs
> Task :app:stripDebugDebugSymbols
> Task :app:validateSigningDebug
> Task :app:writeDebugAppMetadata
> Task :app:writeDebugSigningConfigVersions
> Task :app:compileDebugKotlin
w: file:///C:/Users/Administrator/AndroidStudioProjects/FileTran/app/src/main/java/com/yuliwen/filetran/AcousticTransferScreen.kt:283:36 'val Icons.Filled.HelpOutline: ImageVector' is deprecated. Use the AutoMirrored version at Icons.AutoMirrored.Filled.HelpOutline.
w: file:///C:/Users/Administrator/AndroidStudioProjects/FileTran/app/src/main/java/com/yuliwen/filetran/AirGapReceiveScreen.kt:106:25 'val LocalLifecycleOwner: ProvidableCompositionLocal<LifecycleOwner>' is deprecated. Moved to lifecycle-runtime-compose library in androidx.lifecycle.compose package.
w: file:///C:/Users/Administrator/AndroidStudioProjects/FileTran/app/src/main/java/com/yuliwen/filetran/AirGapReceiveScreen.kt:199:29 'fun setTargetResolution(p0: Size): ImageAnalysis.Builder' is deprecated. Deprecated in Java.
w: file:///C:/Users/Administrator/AndroidStudioProjects/FileTran/app/src/main/java/com/yuliwen/filetran/AirGapReceiveScreen.kt:391:52 'val Icons.Filled.HelpOutline: ImageVector' is deprecated. Use the AutoMirrored version at Icons.AutoMirrored.Filled.HelpOutline.
w: file:///C:/Users/Administrator/AndroidStudioProjects/FileTran/app/src/main/java/com/yuliwen/filetran/AirGapReceiveScreen.kt:431:16 'fun LinearProgressIndicator(progress: Float, modifier: Modifier = ..., color: Color = ..., trackColor: Color = ..., strokeCap: StrokeCap = ...): Unit' is deprecated. Use the overload that takes `progress` as a lambda.
w: file:///C:/Users/Administrator/AndroidStudioProjects/FileTran/app/src/main/java/com/yuliwen/filetran/AirGapReceiveScreen.kt:564:24 'fun LinearProgressIndicator(progress: Float, modifier: Modifier = ..., color: Color = ..., trackColor: Color = ..., strokeCap: StrokeCap = ...): Unit' is deprecated. Use the overload that takes `progress` as a lambda.
w: file:///C:/Users/Administrator/AndroidStudioProjects/FileTran/app/src/main/java/com/yuliwen/filetran/AppKeepAliveService.kt:201:39 'static field TYPE_PHONE: Int' is deprecated. Deprecated in Java.
w: file:///C:/Users/Administrator/AndroidStudioProjects/FileTran/app/src/main/java/com/yuliwen/filetran/AppKeepAliveService.kt:294:25 'constructor(p0: Context!): Notification.Builder' is deprecated. Deprecated in Java.
w: file:///C:/Users/Administrator/AndroidStudioProjects/FileTran/app/src/main/java/com/yuliwen/filetran/AppKeepAliveService.kt:307:36 'constructor(p0: Int, p1: CharSequence!, p2: PendingIntent?): Notification.Action.Builder' is deprecated. Deprecated in Java.
w: file:///C:/Users/Administrator/AndroidStudioProjects/FileTran/app/src/main/java/com/yuliwen/filetran/ClipboardProbeActivity.kt:15:9 'fun overridePendingTransition(p0: Int, p1: Int): Unit' is deprecated. Deprecated in Java.
w: file:///C:/Users/Administrator/AndroidStudioProjects/FileTran/app/src/main/java/com/yuliwen/filetran/ClipboardProbeActivity.kt:37:9 'fun overridePendingTransition(p0: Int, p1: Int): Unit' is deprecated. Deprecated in Java.
w: file:///C:/Users/Administrator/AndroidStudioProjects/FileTran/app/src/main/java/com/yuliwen/filetran/ClipboardSyncService.kt:482:40 'static field TYPE_PHONE: Int' is deprecated. Deprecated in Java.
w: file:///C:/Users/Administrator/AndroidStudioProjects/FileTran/app/src/main/java/com/yuliwen/filetran/ClipboardSyncService.kt:708:40 'static field TYPE_PHONE: Int' is deprecated. Deprecated in Java.
w: file:///C:/Users/Administrator/AndroidStudioProjects/FileTran/app/src/main/java/com/yuliwen/filetran/ClipboardSyncService.kt:819:41 'static field ACTION_CLOSE_SYSTEM_DIALOGS: String' is deprecated. Deprecated in Java.
w: file:///C:/Users/Administrator/AndroidStudioProjects/FileTran/app/src/main/java/com/yuliwen/filetran/ClipboardSyncService.kt:887:40 'static field TYPE_PHONE: Int' is deprecated. Deprecated in Java.
w: file:///C:/Users/Administrator/AndroidStudioProjects/FileTran/app/src/main/java/com/yuliwen/filetran/DownloadHistoryScreen.kt:481:48 'val Icons.Filled.TextSnippet: ImageVector' is deprecated. Use the AutoMirrored version at Icons.AutoMirrored.Filled.TextSnippet.
w: file:///C:/Users/Administrator/AndroidStudioProjects/FileTran/app/src/main/java/com/yuliwen/filetran/HotspotDebugDialog.kt:80:17 'fun Divider(modifier: Modifier = ..., thickness: Dp = ..., color: Color = ...): Unit' is deprecated. Renamed to HorizontalDivider.
w: file:///C:/Users/Administrator/AndroidStudioProjects/FileTran/app/src/main/java/com/yuliwen/filetran/HotspotDebugDialog.kt:164:17 'fun Divider(modifier: Modifier = ..., thickness: Dp = ..., color: Color = ...): Unit' is deprecated. Renamed to HorizontalDivider.
w: file:///C:/Users/Administrator/AndroidStudioProjects/FileTran/app/src/main/java/com/yuliwen/filetran/HotspotDebugger.kt:4:8 'class WifiConfiguration : Any, Parcelable' is deprecated. Deprecated in Java.
w: file:///C:/Users/Administrator/AndroidStudioProjects/FileTran/app/src/main/java/com/yuliwen/filetran/HotspotDebugger.kt:80:17 'class WifiConfiguration : Any, Parcelable' is deprecated. Deprecated in Java.
w: file:///C:/Users/Administrator/AndroidStudioProjects/FileTran/app/src/main/java/com/yuliwen/filetran/HotspotDebugger.kt:110:17 'class WifiConfiguration : Any, Parcelable' is deprecated. Deprecated in Java.
w: file:///C:/Users/Administrator/AndroidStudioProjects/FileTran/app/src/main/java/com/yuliwen/filetran/HotspotDebugger.kt:151:65 'class WifiConfiguration : Any, Parcelable' is deprecated. Deprecated in Java.
w: file:///C:/Users/Administrator/AndroidStudioProjects/FileTran/app/src/main/java/com/yuliwen/filetran/HotspotDebugger.kt:152:26 'constructor(): WifiConfiguration' is deprecated. Deprecated in Java.
w: file:///C:/Users/Administrator/AndroidStudioProjects/FileTran/app/src/main/java/com/yuliwen/filetran/HotspotDebugger.kt:153:20 'field SSID: String!' is deprecated. Deprecated in Java.
w: file:///C:/Users/Administrator/AndroidStudioProjects/FileTran/app/src/main/java/com/yuliwen/filetran/HotspotDebugger.kt:154:20 'field preSharedKey: String!' is deprecated. Deprecated in Java.
w: file:///C:/Users/Administrator/AndroidStudioProjects/FileTran/app/src/main/java/com/yuliwen/filetran/HotspotDebugger.kt:156:20 'field allowedKeyManagement: BitSet' is deprecated. Deprecated in Java.
w: file:///C:/Users/Administrator/AndroidStudioProjects/FileTran/app/src/main/java/com/yuliwen/filetran/HotspotDebugger.kt:156:45 'class WifiConfiguration : Any, Parcelable' is deprecated. Deprecated in Java.
w: file:///C:/Users/Administrator/AndroidStudioProjects/FileTran/app/src/main/java/com/yuliwen/filetran/HotspotDebugger.kt:156:63 'class KeyMgmt : Any' is deprecated. Deprecated in Java.
w: file:///C:/Users/Administrator/AndroidStudioProjects/FileTran/app/src/main/java/com/yuliwen/filetran/HotspotDebugger.kt:156:71 'static field WPA2_PSK: Int' is deprecated. Deprecated in Java.
w: file:///C:/Users/Administrator/AndroidStudioProjects/FileTran/app/src/main/java/com/yuliwen/filetran/HotspotDebugger.kt:157:20 'field allowedAuthAlgorithms: BitSet' is deprecated. Deprecated in Java.
w: file:///C:/Users/Administrator/AndroidStudioProjects/FileTran/app/src/main/java/com/yuliwen/filetran/HotspotDebugger.kt:157:46 'class WifiConfiguration : Any, Parcelable' is deprecated. Deprecated in Java.
w: file:///C:/Users/Administrator/AndroidStudioProjects/FileTran/app/src/main/java/com/yuliwen/filetran/HotspotDebugger.kt:157:64 'class AuthAlgorithm : Any' is deprecated. Deprecated in Java.
w: file:///C:/Users/Administrator/AndroidStudioProjects/FileTran/app/src/main/java/com/yuliwen/filetran/HotspotDebugger.kt:157:78 'static field OPEN: Int' is deprecated. Deprecated in Java.
w: file:///C:/Users/Administrator/AndroidStudioProjects/FileTran/app/src/main/java/com/yuliwen/filetran/HotspotDialog.kt:195:20 'fun Divider(modifier: Modifier = ..., thickness: Dp = ..., color: Color = ...): Unit' is deprecated. Renamed to HorizontalDivider.
w: file:///C:/Users/Administrator/AndroidStudioProjects/FileTran/app/src/main/java/com/yuliwen/filetran/HotspotDialog.kt:216:16 'fun Divider(modifier: Modifier = ..., thickness: Dp = ..., color: Color = ...): Unit' is deprecated. Renamed to HorizontalDivider.
w: file:///C:/Users/Administrator/AndroidStudioProjects/FileTran/app/src/main/java/com/yuliwen/filetran/HotspotManager.kt:163:28 'val ssid: String?' is deprecated. Deprecated in Java.
w: file:///C:/Users/Administrator/AndroidStudioProjects/FileTran/app/src/main/java/com/yuliwen/filetran/MainActivity.kt:360:39 'fun <T : Parcelable!> getParcelableExtra(p0: String!): T?' is deprecated. Deprecated in Java.
w: file:///C:/Users/Administrator/AndroidStudioProjects/FileTran/app/src/main/java/com/yuliwen/filetran/MainActivity.kt:373:37 'fun <T : Parcelable!> getParcelableArrayListExtra(p0: String!): ArrayList<T!>?' is deprecated. Deprecated in Java.
w: file:///C:/Users/Administrator/AndroidStudioProjects/FileTran/app/src/main/java/com/yuliwen/filetran/MainActivity.kt:389:33 'fun <T : Parcelable!> getParcelableExtra(p0: String!): T?' is deprecated. Deprecated in Java.
w: file:///C:/Users/Administrator/AndroidStudioProjects/FileTran/app/src/main/java/com/yuliwen/filetran/MainActivity.kt:390:38 'fun getParcelableArrayExtra(p0: String!): (Array<Parcelable!>?..Array<out Parcelable!>?)' is deprecated. Deprecated in Java.
w: file:///C:/Users/Administrator/AndroidStudioProjects/FileTran/app/src/main/java/com/yuliwen/filetran/MainActivity.kt:978:56 'val Icons.Filled.Send: ImageVector' is deprecated. Use the AutoMirrored version at Icons.AutoMirrored.Filled.Send.
w: file:///C:/Users/Administrator/AndroidStudioProjects/FileTran/app/src/main/java/com/yuliwen/filetran/MainActivity.kt:1695:56 'val Icons.Filled.HelpOutline: ImageVector' is deprecated. Use the AutoMirrored version at Icons.AutoMirrored.Filled.HelpOutline.
w: file:///C:/Users/Administrator/AndroidStudioProjects/FileTran/app/src/main/java/com/yuliwen/filetran/MainActivity.kt:4193:37 'val allNetworks: (Array<Network!>..Array<out Network!>)' is deprecated. Deprecated in Java.
w: file:///C:/Users/Administrator/AndroidStudioProjects/FileTran/app/src/main/java/com/yuliwen/filetran/MainActivity.kt:4227:45 'val allNetworks: (Array<Network!>..Array<out Network!>)' is deprecated. Deprecated in Java.
w: file:///C:/Users/Administrator/AndroidStudioProjects/FileTran/app/src/main/java/com/yuliwen/filetran/MainActivity.kt:6976:55 'val Icons.Filled.Send: ImageVector' is deprecated. Use the AutoMirrored version at Icons.AutoMirrored.Filled.Send.
w: file:///C:/Users/Administrator/AndroidStudioProjects/FileTran/app/src/main/java/com/yuliwen/filetran/MainActivity.kt:7358:44 'val Icons.Filled.InsertDriveFile: ImageVector' is deprecated. Use the AutoMirrored version at Icons.AutoMirrored.Filled.InsertDriveFile.
w: file:///C:/Users/Administrator/AndroidStudioProjects/FileTran/app/src/main/java/com/yuliwen/filetran/MainActivity.kt:7370:44 'val Icons.Filled.TextSnippet: ImageVector' is deprecated. Use the AutoMirrored version at Icons.AutoMirrored.Filled.TextSnippet.
w: file:///C:/Users/Administrator/AndroidStudioProjects/FileTran/app/src/main/java/com/yuliwen/filetran/MainActivity.kt:7583:64 'val Icons.Filled.HelpOutline: ImageVector' is deprecated. Use the AutoMirrored version at Icons.AutoMirrored.Filled.HelpOutline.
w: file:///C:/Users/Administrator/AndroidStudioProjects/FileTran/app/src/main/java/com/yuliwen/filetran/MeshNetScreen.kt:155:21 'val LocalClipboardManager: ProvidableCompositionLocal<ClipboardManager>' is deprecated. Use LocalClipboard instead which supports suspend functions.
w: file:///C:/Users/Administrator/AndroidStudioProjects/FileTran/app/src/main/java/com/yuliwen/filetran/MeshNetScreen.kt:641:21 'val LocalClipboardManager: ProvidableCompositionLocal<ClipboardManager>' is deprecated. Use LocalClipboard instead which supports suspend functions.
w: file:///C:/Users/Administrator/AndroidStudioProjects/FileTran/app/src/main/java/com/yuliwen/filetran/NeighborPopupActivity.kt:48:9 'fun overridePendingTransition(p0: Int, p1: Int): Unit' is deprecated. Deprecated in Java.
w: file:///C:/Users/Administrator/AndroidStudioProjects/FileTran/app/src/main/java/com/yuliwen/filetran/NeighborPopupActivity.kt:90:9 'fun overridePendingTransition(p0: Int, p1: Int): Unit' is deprecated. Deprecated in Java.
w: file:///C:/Users/Administrator/AndroidStudioProjects/FileTran/app/src/main/java/com/yuliwen/filetran/NeighborSheetActivity.kt:42:8 'fun overridePendingTransition(p0: Int, p1: Int): Unit' is deprecated. Deprecated in Java.
w: file:///C:/Users/Administrator/AndroidStudioProjects/FileTran/app/src/main/java/com/yuliwen/filetran/NeighborSheetActivity.kt:77:8 'fun overridePendingTransition(p0: Int, p1: Int): Unit' is deprecated. Deprecated in Java.
w: file:///C:/Users/Administrator/AndroidStudioProjects/FileTran/app/src/main/java/com/yuliwen/filetran/NeighborSheetActivity.kt:86:8 'fun overridePendingTransition(p0: Int, p1: Int): Unit' is deprecated. Deprecated in Java.
w: file:///C:/Users/Administrator/AndroidStudioProjects/FileTran/app/src/main/java/com/yuliwen/filetran/NetworkUtils.kt:148:39 'val connectionInfo: WifiInfo!' is deprecated. Deprecated in Java.
w: file:///C:/Users/Administrator/AndroidStudioProjects/FileTran/app/src/main/java/com/yuliwen/filetran/NetworkUtils.kt:149:33 'val ipAddress: Int' is deprecated. Deprecated in Java.
w: file:///C:/Users/Administrator/AndroidStudioProjects/FileTran/app/src/main/java/com/yuliwen/filetran/NfcTransferScreen.kt:306:58 'static field ACTION_CHANGE_DEFAULT: String' is deprecated. Deprecated in Java.
w: file:///C:/Users/Administrator/AndroidStudioProjects/FileTran/app/src/main/java/com/yuliwen/filetran/NfcTransferScreen.kt:320:39 Condition is always 'false'.
w: file:///C:/Users/Administrator/AndroidStudioProjects/FileTran/app/src/main/java/com/yuliwen/filetran/QRCodeScanner.kt:70:25 'val LocalLifecycleOwner: ProvidableCompositionLocal<LifecycleOwner>' is deprecated. Moved to lifecycle-runtime-compose library in androidx.lifecycle.compose package.
w: file:///C:/Users/Administrator/AndroidStudioProjects/FileTran/app/src/main/java/com/yuliwen/filetran/SpeedTestForegroundService.kt:210:39 'static field TYPE_PHONE: Int' is deprecated. Deprecated in Java.
w: file:///C:/Users/Administrator/AndroidStudioProjects/FileTran/app/src/main/java/com/yuliwen/filetran/SpeedTestForegroundService.kt:302:25 'constructor(p0: Context!): Notification.Builder' is deprecated. Deprecated in Java.
w: file:///C:/Users/Administrator/AndroidStudioProjects/FileTran/app/src/main/java/com/yuliwen/filetran/SpeedTestForegroundService.kt:315:36 'constructor(p0: Int, p1: CharSequence!, p2: PendingIntent?): Notification.Action.Builder' is deprecated. Deprecated in Java.
w: file:///C:/Users/Administrator/AndroidStudioProjects/FileTran/app/src/main/java/com/yuliwen/filetran/SpeedTestLabScreen.kt:702:28 'val allNetworks: (Array<Network!>..Array<out Network!>)' is deprecated. Deprecated in Java.
w: file:///C:/Users/Administrator/AndroidStudioProjects/FileTran/app/src/main/java/com/yuliwen/filetran/UdpMeshNetManager.kt:650:28 Java type mismatch: inferred type is 'kotlin.Pair<kotlin.String?, kotlin.Int>?', but 'kotlin.Pair<kotlin.String, kotlin.Int>?' was expected.
w: file:///C:/Users/Administrator/AndroidStudioProjects/FileTran/app/src/main/java/com/yuliwen/filetran/UdpMeshNetScreen.kt:185:21 'val LocalClipboardManager: ProvidableCompositionLocal<ClipboardManager>' is deprecated. Use LocalClipboard instead which supports suspend functions.
w: file:///C:/Users/Administrator/AndroidStudioProjects/FileTran/app/src/main/java/com/yuliwen/filetran/UdpMeshNetScreen.kt:340:21 'val LocalClipboardManager: ProvidableCompositionLocal<ClipboardManager>' is deprecated. Use LocalClipboard instead which supports suspend functions.
w: file:///C:/Users/Administrator/AndroidStudioProjects/FileTran/app/src/main/java/com/yuliwen/filetran/WireGuardVpnScreen.kt:1056:20 'val LocalClipboardManager: ProvidableCompositionLocal<ClipboardManager>' is deprecated. Use LocalClipboard instead which supports suspend functions.
w: file:///C:/Users/Administrator/AndroidStudioProjects/FileTran/app/src/main/java/com/yuliwen/filetran/WireGuardVpnScreen.kt:1366:20 'val LocalClipboardManager: ProvidableCompositionLocal<ClipboardManager>' is deprecated. Use LocalClipboard instead which supports suspend functions.

> Task :app:compileDebugJavaWithJavac
> Task :app:processDebugJavaRes
> Task :app:mergeDebugJavaResource
> Task :app:dexBuilderDebug
> Task :app:mergeProjectDexDebug
> Task :app:packageDebug
> Task :app:createDebugApkListingFileRedirect
> Task :app:assembleDebug

BUILD SUCCESSFUL in 4m 56s
80 actionable tasks: 75 executed, 5 up-to-date
